// Jest Snapshot v1, https://goo.gl/fbAQLP

exports[`Component Render 1`] = `
<h1>
  Hello World!
</h1>
`;
